---
http_interactions:
- request:
    method: get
    uri: "<salesforce_instance_url_lower>/services/data/v37.0/query?q=SELECT%20Id,%20Name%20FROM%20Account%20WHERE%20(Name%20IN%20(%27JP%20University%27))"
    body:
      encoding: US-ASCII
      string: ''
    headers:
      User-Agent:
      - Faraday v0.15.4
      Authorization:
      - OAuth <salesforce_access_token>
      Accept-Encoding:
      - gzip;q=1.0,deflate;q=0.6,identity;q=0.3
      Accept:
      - "*/*"
  response:
    status:
      code: 200
      message: OK
    headers:
      Date:
      - Wed, 04 Dec 2019 01:40:10 GMT
      Strict-Transport-Security:
      - max-age=31536002; includeSubDomains
      Public-Key-Pins-Report-Only:
      - pin-sha256="9n0izTnSRF+W4W4JTq51avSXkWhQB8duS2bxVLfzXsY="; pin-sha256="5kJvNEMw0KjrCAu7eXY5HZdvyCS13BbA0VJG1RSP91w=";
        pin-sha256="njN4rRG+22dNXAi+yb8e3UMypgzPUPHlv4+foULwl1g="; max-age=86400;
        includeSubDomains; report-uri="https://a.forcesslreports.com/hpkp-report/00DR0000001zq0Zm";
      Expect-Ct:
      - max-age=86400, report-uri="https://a.forcesslreports.com/Expect-CT-report/00DR0000001zq0Zm"
      X-Robots-Tag:
      - none
      Cache-Control:
      - no-cache,must-revalidate,max-age=0,no-store,private
      Set-Cookie:
      - BrowserId=Am5Z5hY3EeqVngGbOB6r8Q;Path=/;Domain=.salesforce.com;Expires=Sun,
        02-Feb-2020 01:40:10 GMT;Max-Age=5184000
      Expires:
      - Thu, 01 Jan 1970 00:00:00 GMT
      Sforce-Limit-Info:
      - api-usage=2681/51000
      Content-Type:
      - application/json;charset=UTF-8
      Vary:
      - Accept-Encoding
      Transfer-Encoding:
      - chunked
    body:
      encoding: ASCII-8BIT
      string: '{"totalSize":1,"done":true,"records":[{"attributes":{"type":"Account","url":"/services/data/v37.0/sobjects/Account/001R000001PP7oCIAT"},"Id":"001R000001PP7oCIAT","Name":"JP
        University"}]}'
    http_version: 
  recorded_at: Wed, 04 Dec 2019 01:40:10 GMT
- request:
    method: post
    uri: "<salesforce_instance_url_lower>/services/data/v37.0/sobjects/Contact"
    body:
      encoding: UTF-8
      string: '{"FirstName":"Blythe","LastName":"Bailey","AccountId":"001R000001PP7oCIAT"}'
    headers:
      User-Agent:
      - Faraday v0.15.4
      Content-Type:
      - application/json
      Authorization:
      - OAuth <salesforce_access_token>
      Accept-Encoding:
      - gzip;q=1.0,deflate;q=0.6,identity;q=0.3
      Accept:
      - "*/*"
  response:
    status:
      code: 201
      message: Created
    headers:
      Date:
      - Wed, 04 Dec 2019 01:40:11 GMT
      Strict-Transport-Security:
      - max-age=31536002; includeSubDomains
      Public-Key-Pins-Report-Only:
      - pin-sha256="9n0izTnSRF+W4W4JTq51avSXkWhQB8duS2bxVLfzXsY="; pin-sha256="5kJvNEMw0KjrCAu7eXY5HZdvyCS13BbA0VJG1RSP91w=";
        pin-sha256="njN4rRG+22dNXAi+yb8e3UMypgzPUPHlv4+foULwl1g="; max-age=86400;
        includeSubDomains; report-uri="https://a.forcesslreports.com/hpkp-report/00DR0000001zq0Zm";
      Expect-Ct:
      - max-age=86400, report-uri="https://a.forcesslreports.com/Expect-CT-report/00DR0000001zq0Zm"
      X-Robots-Tag:
      - none
      Cache-Control:
      - no-cache,must-revalidate,max-age=0,no-store,private
      Set-Cookie:
      - BrowserId=ApKC8BY3Eeqh0l34e5vHDA;Path=/;Domain=.salesforce.com;Expires=Sun,
        02-Feb-2020 01:40:11 GMT;Max-Age=5184000
      Expires:
      - Thu, 01 Jan 1970 00:00:00 GMT
      Sforce-Limit-Info:
      - api-usage=2683/51000
      Location:
      - "/services/data/v37.0/sobjects/Contact/003R000001R1mDqIAJ"
      Content-Type:
      - application/json;charset=UTF-8
      Vary:
      - Accept-Encoding
      Transfer-Encoding:
      - chunked
    body:
      encoding: ASCII-8BIT
      string: '{"id":"003R000001R1mDqIAJ","success":true,"errors":[]}'
    http_version: 
  recorded_at: Wed, 04 Dec 2019 01:40:12 GMT
- request:
    method: get
    uri: "<salesforce_instance_url_lower>/services/data/v37.0/query?q=SELECT%20Id,%20Name,%20FirstName,%20LastName,%20Email,%20Email_alt__c,%20Faculty_Confirmed_Date__c,%20Faculty_Verified__c,%20LastModifiedDate,%20AccountId,%20School_Type__c,%20SendFacultyVerificationTo__c,%20All_Emails__c,%20Confirmed_Emails__c,%20Adoption_Status__c%20FROM%20Contact%20WHERE%20(Id%20=%20%27003R000001R1mDqIAJ%27)%20LIMIT%201"
    body:
      encoding: US-ASCII
      string: ''
    headers:
      User-Agent:
      - Faraday v0.15.4
      Authorization:
      - OAuth <salesforce_access_token>
      Accept-Encoding:
      - gzip;q=1.0,deflate;q=0.6,identity;q=0.3
      Accept:
      - "*/*"
  response:
    status:
      code: 200
      message: OK
    headers:
      Date:
      - Wed, 04 Dec 2019 01:40:12 GMT
      Strict-Transport-Security:
      - max-age=31536002; includeSubDomains
      Public-Key-Pins-Report-Only:
      - pin-sha256="9n0izTnSRF+W4W4JTq51avSXkWhQB8duS2bxVLfzXsY="; pin-sha256="5kJvNEMw0KjrCAu7eXY5HZdvyCS13BbA0VJG1RSP91w=";
        pin-sha256="njN4rRG+22dNXAi+yb8e3UMypgzPUPHlv4+foULwl1g="; max-age=86400;
        includeSubDomains; report-uri="https://a.forcesslreports.com/hpkp-report/00DR0000001zq0Zm";
      Expect-Ct:
      - max-age=86400, report-uri="https://a.forcesslreports.com/Expect-CT-report/00DR0000001zq0Zm"
      X-Robots-Tag:
      - none
      Cache-Control:
      - no-cache,must-revalidate,max-age=0,no-store,private
      Set-Cookie:
      - BrowserId=A7LnLhY3Eeq1eDdhRqldlA;Path=/;Domain=.salesforce.com;Expires=Sun,
        02-Feb-2020 01:40:12 GMT;Max-Age=5184000
      Expires:
      - Thu, 01 Jan 1970 00:00:00 GMT
      Sforce-Limit-Info:
      - api-usage=2681/51000
      Content-Type:
      - application/json;charset=UTF-8
      Vary:
      - Accept-Encoding
      Transfer-Encoding:
      - chunked
    body:
      encoding: ASCII-8BIT
      string: '{"totalSize":1,"done":true,"records":[{"attributes":{"type":"Contact","url":"/services/data/v37.0/sobjects/Contact/003R000001R1mDqIAJ"},"Id":"003R000001R1mDqIAJ","Name":"Blythe
        Bailey","FirstName":"Blythe","LastName":"Bailey","Email":null,"Email_alt__c":null,"Faculty_Confirmed_Date__c":null,"Faculty_Verified__c":null,"LastModifiedDate":"2019-12-04T01:40:12.000+0000","AccountId":"001R000001PP7oCIAT","School_Type__c":null,"SendFacultyVerificationTo__c":null,"All_Emails__c":null,"Confirmed_Emails__c":null,"Adoption_Status__c":"Not
        Adopter"}]}'
    http_version: 
  recorded_at: Wed, 04 Dec 2019 01:40:13 GMT
recorded_with: VCR 3.0.3
