---
http_interactions:
- request:
    method: get
    uri: "<salesforce_instance_url>/services/data/v37.0/query?q=SELECT%20Id,%20Name,%20BillingCity,%20BillingState,%20Type,%20School_Location__c,%20SheerID_School_Name__c,%20K_I_P__c,%20child_of_kip__c%20FROM%20Account%20WHERE%20(Name%20IN%20(%27JP%20University%27))"
    body:
      encoding: US-ASCII
      string: ''
    headers:
      User-Agent:
      - Faraday v0.17.3
      Authorization:
      - OAuth <salesforce_access_token>
      Accept-Encoding:
      - gzip;q=1.0,deflate;q=0.6,identity;q=0.3
      Accept:
      - "*/*"
  response:
    status:
      code: 200
      message: OK
    headers:
      Date:
      - Fri, 05 Mar 2021 19:19:15 GMT
      Strict-Transport-Security:
      - max-age=31536002; includeSubDomains
      Expect-Ct:
      - max-age=86400, report-uri="https://a.forcesslreports.com/Expect-CT-report/00D0v0000005T7Um"
      X-Robots-Tag:
      - none
      Cache-Control:
      - no-cache,must-revalidate,max-age=0,no-store,private
      Set-Cookie:
      - BrowserId=rJn0X33nEeuCQktSqTXlpQ; domain=.salesforce.com; path=/; expires=Sat,
        05-Mar-2022 19:19:15 GMT; Max-Age=31536000
      Sforce-Limit-Info:
      - api-usage=670/5000000
      Content-Type:
      - application/json;charset=UTF-8
      Vary:
      - Accept-Encoding
      Transfer-Encoding:
      - chunked
    body:
      encoding: ASCII-8BIT
      string: '{"totalSize":1,"done":true,"records":[{"attributes":{"type":"Account","url":"/services/data/v37.0/sobjects/Account/0010v00000bM8kQAAS"},"Id":"0010v00000bM8kQAAS","Name":"JP
        University","BillingCity":null,"BillingState":null,"Type":null,"School_Location__c":"Domestic","SheerID_School_Name__c":null,"K_I_P__c":false,"child_of_kip__c":false}]}'
    http_version: 
  recorded_at: Fri, 05 Mar 2021 19:19:15 GMT
- request:
    method: post
    uri: "<salesforce_instance_url>/services/data/v37.0/sobjects/Contact"
    body:
      encoding: UTF-8
      string: '{"FirstName":"Loise","LastName":"Stamm","AccountId":"0010v00000bM8kQAAS"}'
    headers:
      User-Agent:
      - Faraday v0.17.3
      Content-Type:
      - application/json
      Authorization:
      - OAuth <salesforce_access_token>
      Accept-Encoding:
      - gzip;q=1.0,deflate;q=0.6,identity;q=0.3
      Accept:
      - "*/*"
  response:
    status:
      code: 201
      message: Created
    headers:
      Date:
      - Fri, 05 Mar 2021 19:19:15 GMT
      Strict-Transport-Security:
      - max-age=31536002; includeSubDomains
      Expect-Ct:
      - max-age=86400, report-uri="https://a.forcesslreports.com/Expect-CT-report/00D0v0000005T7Um"
      X-Robots-Tag:
      - none
      Cache-Control:
      - no-cache,must-revalidate,max-age=0,no-store,private
      Set-Cookie:
      - BrowserId=rMeTYH3nEeubki_jDZY20w; domain=.salesforce.com; path=/; expires=Sat,
        05-Mar-2022 19:19:15 GMT; Max-Age=31536000
      Sforce-Limit-Info:
      - api-usage=670/5000000
      Location:
      - "/services/data/v37.0/sobjects/Contact/0030v00000UkFU1AAN"
      Content-Type:
      - application/json;charset=UTF-8
      Vary:
      - Accept-Encoding
      Transfer-Encoding:
      - chunked
    body:
      encoding: ASCII-8BIT
      string: '{"id":"0030v00000UkFU1AAN","success":true,"errors":[]}'
    http_version: 
  recorded_at: Fri, 05 Mar 2021 19:19:16 GMT
- request:
    method: get
    uri: "<salesforce_instance_url>/services/data/v37.0/query?q=SELECT%20Id,%20Name,%20FirstName,%20LastName,%20Email,%20Email_alt__c,%20Faculty_Confirmed_Date__c,%20Faculty_Verified__c,%20LastModifiedDate,%20AccountId,%20School_Type__c,%20SendFacultyVerificationTo__c,%20All_Emails__c,%20Confirmed_Emails__c,%20Adoption_Status__c,%20Grant_Tutor_Access__c,%20BRI_Marketing__c,%20Title_1_school__c%20FROM%20Contact%20WHERE%20(Id%20=%20%270030v00000UkFU1AAN%27)%20LIMIT%201"
    body:
      encoding: US-ASCII
      string: ''
    headers:
      User-Agent:
      - Faraday v0.17.3
      Authorization:
      - OAuth <salesforce_access_token>
      Accept-Encoding:
      - gzip;q=1.0,deflate;q=0.6,identity;q=0.3
      Accept:
      - "*/*"
  response:
    status:
      code: 200
      message: OK
    headers:
      Date:
      - Fri, 05 Mar 2021 19:19:16 GMT
      Strict-Transport-Security:
      - max-age=31536002; includeSubDomains
      Expect-Ct:
      - max-age=86400, report-uri="https://a.forcesslreports.com/Expect-CT-report/00D0v0000005T7Um"
      X-Robots-Tag:
      - none
      Cache-Control:
      - no-cache,must-revalidate,max-age=0,no-store,private
      Set-Cookie:
      - BrowserId=rZGaPn3nEeubki_jDZY20w; domain=.salesforce.com; path=/; expires=Sat,
        05-Mar-2022 19:19:16 GMT; Max-Age=31536000
      Sforce-Limit-Info:
      - api-usage=671/5000000
      Content-Type:
      - application/json;charset=UTF-8
      Vary:
      - Accept-Encoding
      Transfer-Encoding:
      - chunked
    body:
      encoding: ASCII-8BIT
      string: '{"totalSize":1,"done":true,"records":[{"attributes":{"type":"Contact","url":"/services/data/v37.0/sobjects/Contact/0030v00000UkFU1AAN"},"Id":"0030v00000UkFU1AAN","Name":"Loise
        Stamm","FirstName":"Loise","LastName":"Stamm","Email":null,"Email_alt__c":null,"Faculty_Confirmed_Date__c":null,"Faculty_Verified__c":null,"LastModifiedDate":"2021-03-05T19:19:16.000+0000","AccountId":"0010v00000bM8kQAAS","School_Type__c":null,"SendFacultyVerificationTo__c":null,"All_Emails__c":null,"Confirmed_Emails__c":null,"Adoption_Status__c":"Not
        Adopter","Grant_Tutor_Access__c":false,"BRI_Marketing__c":false,"Title_1_school__c":false}]}'
    http_version: 
  recorded_at: Fri, 05 Mar 2021 19:19:16 GMT
recorded_with: VCR 3.0.3
