---
http_interactions:
- request:
    method: get
    uri: "<salesforce_instance_url_lower>/services/data/v37.0/query?q=SELECT%20Id,%20Name,%20Type,%20School_Location__c,%20K_I_P__c,%20child_of_kip__c%20FROM%20Account%20WHERE%20(Name%20IN%20(%27JP%20University%27))"
    body:
      encoding: US-ASCII
      string: ''
    headers:
      User-Agent:
      - Faraday v0.17.3
      Authorization:
      - OAuth <salesforce_access_token>
      Accept-Encoding:
      - gzip;q=1.0,deflate;q=0.6,identity;q=0.3
      Accept:
      - "*/*"
  response:
    status:
      code: 200
      message: OK
    headers:
      Date:
      - Fri, 31 Jul 2020 18:47:19 GMT
      Strict-Transport-Security:
      - max-age=31536002; includeSubDomains
      Public-Key-Pins-Report-Only:
      - pin-sha256="9n0izTnSRF+W4W4JTq51avSXkWhQB8duS2bxVLfzXsY="; pin-sha256="5kJvNEMw0KjrCAu7eXY5HZdvyCS13BbA0VJG1RSP91w=";
        pin-sha256="njN4rRG+22dNXAi+yb8e3UMypgzPUPHlv4+foULwl1g="; max-age=86400;
        includeSubDomains; report-uri="https://a.forcesslreports.com/hpkp-report/00DR0000001zq0Zm";
      Expect-Ct:
      - max-age=86400, report-uri="https://a.forcesslreports.com/Expect-CT-report/00DR0000001zq0Zm"
      X-Robots-Tag:
      - none
      X-B3-Traceid:
      - 5df9afe86fcf737b
      X-B3-Spanid:
      - 5df9afe86fcf737b
      X-B3-Sampled:
      - '0'
      Cache-Control:
      - no-cache,must-revalidate,max-age=0,no-store,private
      Set-Cookie:
      - BrowserId=Q0sNS9NeEeqwVt38A1Mh8A; domain=.salesforce.com; path=/; expires=Sat,
        31-Jul-2021 18:47:19 GMT; Max-Age=31536000
      Sforce-Limit-Info:
      - api-usage=3022/51000
      Content-Type:
      - application/json;charset=UTF-8
      Vary:
      - Accept-Encoding
      Transfer-Encoding:
      - chunked
    body:
      encoding: ASCII-8BIT
      string: '{"totalSize":1,"done":true,"records":[{"attributes":{"type":"Account","url":"/services/data/v37.0/sobjects/Account/001R000001PP7oCIAT"},"Id":"001R000001PP7oCIAT","Name":"JP
        University","Type":null,"School_Location__c":"Domestic","K_I_P__c":false,"child_of_kip__c":false}]}'
    http_version: 
  recorded_at: Fri, 31 Jul 2020 18:47:19 GMT
- request:
    method: post
    uri: "<salesforce_instance_url_lower>/services/data/v37.0/sobjects/Contact"
    body:
      encoding: UTF-8
      string: '{"FirstName":"Chance","LastName":"Lueilwitz_unique_token","Email_alt__c":"f@f.com._unique_token","AccountId":"001R000001PP7oCIAT"}'
    headers:
      User-Agent:
      - Faraday v0.17.3
      Content-Type:
      - application/json
      Authorization:
      - OAuth <salesforce_access_token>
      Accept-Encoding:
      - gzip;q=1.0,deflate;q=0.6,identity;q=0.3
      Accept:
      - "*/*"
  response:
    status:
      code: 201
      message: Created
    headers:
      Date:
      - Fri, 31 Jul 2020 18:47:19 GMT
      Strict-Transport-Security:
      - max-age=31536002; includeSubDomains
      Public-Key-Pins-Report-Only:
      - pin-sha256="9n0izTnSRF+W4W4JTq51avSXkWhQB8duS2bxVLfzXsY="; pin-sha256="5kJvNEMw0KjrCAu7eXY5HZdvyCS13BbA0VJG1RSP91w=";
        pin-sha256="njN4rRG+22dNXAi+yb8e3UMypgzPUPHlv4+foULwl1g="; max-age=86400;
        includeSubDomains; report-uri="https://a.forcesslreports.com/hpkp-report/00DR0000001zq0Zm";
      Expect-Ct:
      - max-age=86400, report-uri="https://a.forcesslreports.com/Expect-CT-report/00DR0000001zq0Zm"
      X-Robots-Tag:
      - none
      X-B3-Traceid:
      - 0aed229d607ab1ed
      X-B3-Spanid:
      - 0aed229d607ab1ed
      X-B3-Sampled:
      - '0'
      Cache-Control:
      - no-cache,must-revalidate,max-age=0,no-store,private
      Set-Cookie:
      - BrowserId=Q2u06NNeEeqhfpts-d9Zgw; domain=.salesforce.com; path=/; expires=Sat,
        31-Jul-2021 18:47:19 GMT; Max-Age=31536000
      Sforce-Limit-Info:
      - api-usage=3024/51000
      Location:
      - "/services/data/v37.0/sobjects/Contact/003R000001WzfQRIAZ"
      Content-Type:
      - application/json;charset=UTF-8
      Vary:
      - Accept-Encoding
      Transfer-Encoding:
      - chunked
    body:
      encoding: ASCII-8BIT
      string: '{"id":"003R000001WzfQRIAZ","success":true,"errors":[]}'
    http_version: 
  recorded_at: Fri, 31 Jul 2020 18:47:21 GMT
- request:
    method: get
    uri: "<salesforce_instance_url_lower>/services/data/v37.0/query?q=SELECT%20Id,%20Name,%20Type,%20School_Location__c,%20K_I_P__c,%20child_of_kip__c%20FROM%20Account%20WHERE%20(Name%20IN%20(%27JP%20University%27))"
    body:
      encoding: US-ASCII
      string: ''
    headers:
      User-Agent:
      - Faraday v0.17.3
      Authorization:
      - OAuth <salesforce_access_token>
      Accept-Encoding:
      - gzip;q=1.0,deflate;q=0.6,identity;q=0.3
      Accept:
      - "*/*"
  response:
    status:
      code: 200
      message: OK
    headers:
      Date:
      - Fri, 31 Jul 2020 18:47:21 GMT
      Strict-Transport-Security:
      - max-age=31536002; includeSubDomains
      Public-Key-Pins-Report-Only:
      - pin-sha256="9n0izTnSRF+W4W4JTq51avSXkWhQB8duS2bxVLfzXsY="; pin-sha256="5kJvNEMw0KjrCAu7eXY5HZdvyCS13BbA0VJG1RSP91w=";
        pin-sha256="njN4rRG+22dNXAi+yb8e3UMypgzPUPHlv4+foULwl1g="; max-age=86400;
        includeSubDomains; report-uri="https://a.forcesslreports.com/hpkp-report/00DR0000001zq0Zm";
      Expect-Ct:
      - max-age=86400, report-uri="https://a.forcesslreports.com/Expect-CT-report/00DR0000001zq0Zm"
      X-Robots-Tag:
      - none
      X-B3-Traceid:
      - 6b7b5d144bba7a90
      X-B3-Spanid:
      - 6b7b5d144bba7a90
      X-B3-Sampled:
      - '0'
      Cache-Control:
      - no-cache,must-revalidate,max-age=0,no-store,private
      Set-Cookie:
      - BrowserId=RClgCtNeEeqBubU9nUNFUA; domain=.salesforce.com; path=/; expires=Sat,
        31-Jul-2021 18:47:21 GMT; Max-Age=31536000
      Sforce-Limit-Info:
      - api-usage=3023/51000
      Content-Type:
      - application/json;charset=UTF-8
      Vary:
      - Accept-Encoding
      Transfer-Encoding:
      - chunked
    body:
      encoding: ASCII-8BIT
      string: '{"totalSize":1,"done":true,"records":[{"attributes":{"type":"Account","url":"/services/data/v37.0/sobjects/Account/001R000001PP7oCIAT"},"Id":"001R000001PP7oCIAT","Name":"JP
        University","Type":null,"School_Location__c":"Domestic","K_I_P__c":false,"child_of_kip__c":false}]}'
    http_version: 
  recorded_at: Fri, 31 Jul 2020 18:47:21 GMT
- request:
    method: post
    uri: "<salesforce_instance_url_lower>/services/data/v37.0/sobjects/Contact"
    body:
      encoding: UTF-8
      string: '{"FirstName":"Maryetta","LastName":"McLaughlin_unique_token","Email_alt__c":"f@f.com._unique_token","AccountId":"001R000001PP7oCIAT"}'
    headers:
      User-Agent:
      - Faraday v0.17.3
      Content-Type:
      - application/json
      Authorization:
      - OAuth <salesforce_access_token>
      Accept-Encoding:
      - gzip;q=1.0,deflate;q=0.6,identity;q=0.3
      Accept:
      - "*/*"
  response:
    status:
      code: 201
      message: Created
    headers:
      Date:
      - Fri, 31 Jul 2020 18:47:21 GMT
      Strict-Transport-Security:
      - max-age=31536002; includeSubDomains
      Public-Key-Pins-Report-Only:
      - pin-sha256="9n0izTnSRF+W4W4JTq51avSXkWhQB8duS2bxVLfzXsY="; pin-sha256="5kJvNEMw0KjrCAu7eXY5HZdvyCS13BbA0VJG1RSP91w=";
        pin-sha256="njN4rRG+22dNXAi+yb8e3UMypgzPUPHlv4+foULwl1g="; max-age=86400;
        includeSubDomains; report-uri="https://a.forcesslreports.com/hpkp-report/00DR0000001zq0Zm";
      Expect-Ct:
      - max-age=86400, report-uri="https://a.forcesslreports.com/Expect-CT-report/00DR0000001zq0Zm"
      X-Robots-Tag:
      - none
      X-B3-Traceid:
      - 74bde1d69928ce15
      X-B3-Spanid:
      - 74bde1d69928ce15
      X-B3-Sampled:
      - '0'
      Cache-Control:
      - no-cache,must-revalidate,max-age=0,no-store,private
      Set-Cookie:
      - BrowserId=REnfatNeEeqnsFUYvQISwQ; domain=.salesforce.com; path=/; expires=Sat,
        31-Jul-2021 18:47:21 GMT; Max-Age=31536000
      Sforce-Limit-Info:
      - api-usage=3022/51000
      Location:
      - "/services/data/v37.0/sobjects/Contact/003R000001WzfMUIAZ"
      Content-Type:
      - application/json;charset=UTF-8
      Vary:
      - Accept-Encoding
      Transfer-Encoding:
      - chunked
    body:
      encoding: ASCII-8BIT
      string: '{"id":"003R000001WzfMUIAZ","success":true,"errors":[]}'
    http_version: 
  recorded_at: Fri, 31 Jul 2020 18:47:22 GMT
- request:
    method: get
    uri: "<salesforce_instance_url_lower>/services/data/v37.0/query?q=SELECT%20Id,%20Email,%20Email_alt__c,%20Faculty_Verified__c,%20School_Type__c,%20Adoption_Status__c,%20Account.Id,%20Account.Name,%20Account.Type,%20Account.School_Location__c,%20Account.K_I_P__c,%20Account.child_of_kip__c%20FROM%20Contact%20WHERE%20(LastName%20LIKE%20%27%25_unique_token%27)"
    body:
      encoding: US-ASCII
      string: ''
    headers:
      User-Agent:
      - Faraday v0.17.3
      Authorization:
      - OAuth <salesforce_access_token>
      Accept-Encoding:
      - gzip;q=1.0,deflate;q=0.6,identity;q=0.3
      Accept:
      - "*/*"
  response:
    status:
      code: 200
      message: OK
    headers:
      Date:
      - Fri, 31 Jul 2020 18:47:22 GMT
      Strict-Transport-Security:
      - max-age=31536002; includeSubDomains
      Public-Key-Pins-Report-Only:
      - pin-sha256="9n0izTnSRF+W4W4JTq51avSXkWhQB8duS2bxVLfzXsY="; pin-sha256="5kJvNEMw0KjrCAu7eXY5HZdvyCS13BbA0VJG1RSP91w=";
        pin-sha256="njN4rRG+22dNXAi+yb8e3UMypgzPUPHlv4+foULwl1g="; max-age=86400;
        includeSubDomains; report-uri="https://a.forcesslreports.com/hpkp-report/00DR0000001zq0Zm";
      Expect-Ct:
      - max-age=86400, report-uri="https://a.forcesslreports.com/Expect-CT-report/00DR0000001zq0Zm"
      X-Robots-Tag:
      - none
      X-B3-Traceid:
      - e5fa50fafa4f2309
      X-B3-Spanid:
      - e5fa50fafa4f2309
      X-B3-Sampled:
      - '0'
      Cache-Control:
      - no-cache,must-revalidate,max-age=0,no-store,private
      Set-Cookie:
      - BrowserId=RR68bNNeEeqHcrEoCvy2rA; domain=.salesforce.com; path=/; expires=Sat,
        31-Jul-2021 18:47:22 GMT; Max-Age=31536000
      Sforce-Limit-Info:
      - api-usage=3025/51000
      Content-Type:
      - application/json;charset=UTF-8
      Vary:
      - Accept-Encoding
      Transfer-Encoding:
      - chunked
    body:
      encoding: ASCII-8BIT
      string: '{"totalSize":2,"done":true,"records":[{"attributes":{"type":"Contact","url":"/services/data/v37.0/sobjects/Contact/003R000001WzfQRIAZ"},"Id":"003R000001WzfQRIAZ","Email":null,"Email_alt__c":"f@f.com._unique_token","Faculty_Verified__c":null,"School_Type__c":null,"Adoption_Status__c":"Not
        Adopter","Account":{"attributes":{"type":"Account","url":"/services/data/v37.0/sobjects/Account/001R000001PP7oCIAT"},"Id":"001R000001PP7oCIAT","Name":"JP
        University","Type":null,"School_Location__c":"Domestic","K_I_P__c":false,"child_of_kip__c":false}},{"attributes":{"type":"Contact","url":"/services/data/v37.0/sobjects/Contact/003R000001WzfMUIAZ"},"Id":"003R000001WzfMUIAZ","Email":null,"Email_alt__c":"f@f.com._unique_token","Faculty_Verified__c":null,"School_Type__c":null,"Adoption_Status__c":"Not
        Adopter","Account":{"attributes":{"type":"Account","url":"/services/data/v37.0/sobjects/Account/001R000001PP7oCIAT"},"Id":"001R000001PP7oCIAT","Name":"JP
        University","Type":null,"School_Location__c":"Domestic","K_I_P__c":false,"child_of_kip__c":false}}]}'
    http_version: 
  recorded_at: Fri, 31 Jul 2020 18:47:22 GMT
- request:
    method: get
    uri: "<salesforce_instance_url_lower>/services/data/v37.0/query?q=SELECT%20Id,%20Email%20FROM%20Lead%20WHERE%20(LastName%20LIKE%20%27%25_unique_token%27)%20AND%20(LeadSource%20=%20%27OSC%20Faculty%27)"
    body:
      encoding: US-ASCII
      string: ''
    headers:
      User-Agent:
      - Faraday v0.17.3
      Authorization:
      - OAuth <salesforce_access_token>
      Accept-Encoding:
      - gzip;q=1.0,deflate;q=0.6,identity;q=0.3
      Accept:
      - "*/*"
  response:
    status:
      code: 200
      message: OK
    headers:
      Date:
      - Fri, 31 Jul 2020 18:47:23 GMT
      Strict-Transport-Security:
      - max-age=31536002; includeSubDomains
      Public-Key-Pins-Report-Only:
      - pin-sha256="9n0izTnSRF+W4W4JTq51avSXkWhQB8duS2bxVLfzXsY="; pin-sha256="5kJvNEMw0KjrCAu7eXY5HZdvyCS13BbA0VJG1RSP91w=";
        pin-sha256="njN4rRG+22dNXAi+yb8e3UMypgzPUPHlv4+foULwl1g="; max-age=86400;
        includeSubDomains; report-uri="https://a.forcesslreports.com/hpkp-report/00DR0000001zq0Zm";
      Expect-Ct:
      - max-age=86400, report-uri="https://a.forcesslreports.com/Expect-CT-report/00DR0000001zq0Zm"
      X-Robots-Tag:
      - none
      X-B3-Traceid:
      - b3c02305bea02a84
      X-B3-Spanid:
      - b3c02305bea02a84
      X-B3-Sampled:
      - '0'
      Cache-Control:
      - no-cache,must-revalidate,max-age=0,no-store,private
      Set-Cookie:
      - BrowserId=RUeg2dNeEeqSSre0u7awvA; domain=.salesforce.com; path=/; expires=Sat,
        31-Jul-2021 18:47:23 GMT; Max-Age=31536000
      Sforce-Limit-Info:
      - api-usage=3022/51000
      Content-Type:
      - application/json;charset=UTF-8
      Vary:
      - Accept-Encoding
      Transfer-Encoding:
      - chunked
    body:
      encoding: ASCII-8BIT
      string: '{"totalSize":0,"done":true,"records":[]}'
    http_version: 
  recorded_at: Fri, 31 Jul 2020 18:47:23 GMT
recorded_with: VCR 3.0.3
