---
http_interactions:
- request:
    method: post
    uri: "<tutor_specs_instance_url>/services/data/v37.0/sobjects/Lead"
    body:
      encoding: UTF-8
      string: '{"LastName":"Ratke_unique_token","Company":"JP University","Email":"f@f.com","LeadSource":"OSC
        Faculty"}'
    headers:
      User-Agent:
      - Faraday v0.9.2
      Content-Type:
      - application/json
      Authorization:
      - OAuth <tutor_specs_oauth_token>
      Accept-Encoding:
      - gzip;q=1.0,deflate;q=0.6,identity;q=0.3
      Accept:
      - "*/*"
  response:
    status:
      code: 201
      message: Created
    headers:
      Date:
      - Wed, 17 May 2017 17:38:50 GMT
      Strict-Transport-Security:
      - max-age=31536000; includeSubDomains
      X-Content-Type-Options:
      - nosniff
      X-Xss-Protection:
      - 1; mode=block
      Content-Security-Policy:
      - referrer origin-when-cross-origin; upgrade-insecure-requests
      Set-Cookie:
      - BrowserId=MMkhpnYuThSplIjkKnq0Rg;Path=/;Domain=.salesforce.com;Expires=Sun,
        16-Jul-2017 17:38:50 GMT
      Expires:
      - Thu, 01 Jan 1970 00:00:00 GMT
      Sforce-Limit-Info:
      - api-usage=6/48000
      Location:
      - "/services/data/v37.0/sobjects/Lead/00Q0S000001Oph6UAC"
      Content-Type:
      - application/json;charset=UTF-8
      Vary:
      - Accept-Encoding
      Transfer-Encoding:
      - chunked
    body:
      encoding: ASCII-8BIT
      string: '{"id":"00Q0S000001Oph6UAC","success":true,"errors":[]}'
    http_version: 
  recorded_at: Wed, 17 May 2017 17:38:51 GMT
- request:
    method: get
    uri: "<tutor_specs_instance_url>/services/data/v37.0/query?q=SELECT%20Id,%20Email,%20Email_alt__c,%20Faculty_Verified__c%20FROM%20Contact%20WHERE%20(LastName%20LIKE%20%27%25_unique_token%27)"
    body:
      encoding: US-ASCII
      string: ''
    headers:
      User-Agent:
      - Faraday v0.9.2
      Authorization:
      - OAuth <tutor_specs_oauth_token>
      Accept-Encoding:
      - gzip;q=1.0,deflate;q=0.6,identity;q=0.3
      Accept:
      - "*/*"
  response:
    status:
      code: 200
      message: OK
    headers:
      Date:
      - Wed, 17 May 2017 17:38:52 GMT
      Strict-Transport-Security:
      - max-age=31536000; includeSubDomains
      X-Content-Type-Options:
      - nosniff
      X-Xss-Protection:
      - 1; mode=block
      Content-Security-Policy:
      - referrer origin-when-cross-origin; upgrade-insecure-requests
      Set-Cookie:
      - BrowserId=PKe2ho4hRbGIO6rbFzX01g;Path=/;Domain=.salesforce.com;Expires=Sun,
        16-Jul-2017 17:38:52 GMT
      Expires:
      - Thu, 01 Jan 1970 00:00:00 GMT
      Sforce-Limit-Info:
      - api-usage=13/48000
      Content-Type:
      - application/json;charset=UTF-8
      Vary:
      - Accept-Encoding
      Transfer-Encoding:
      - chunked
    body:
      encoding: ASCII-8BIT
      string: '{"totalSize":0,"done":true,"records":[]}'
    http_version: 
  recorded_at: Wed, 17 May 2017 17:38:52 GMT
- request:
    method: get
    uri: "<tutor_specs_instance_url>/services/data/v37.0/query?q=SELECT%20Id,%20Email%20FROM%20Lead%20WHERE%20(LastName%20LIKE%20%27%25_unique_token%27)%20AND%20(LeadSource%20=%20%27OSC%20Faculty%27)"
    body:
      encoding: US-ASCII
      string: ''
    headers:
      User-Agent:
      - Faraday v0.9.2
      Authorization:
      - OAuth <tutor_specs_oauth_token>
      Accept-Encoding:
      - gzip;q=1.0,deflate;q=0.6,identity;q=0.3
      Accept:
      - "*/*"
  response:
    status:
      code: 200
      message: OK
    headers:
      Date:
      - Wed, 17 May 2017 17:38:52 GMT
      Strict-Transport-Security:
      - max-age=31536000; includeSubDomains
      X-Content-Type-Options:
      - nosniff
      X-Xss-Protection:
      - 1; mode=block
      Content-Security-Policy:
      - referrer origin-when-cross-origin; upgrade-insecure-requests
      Set-Cookie:
      - BrowserId=7YcSezArTri7IEYe4C3P9w;Path=/;Domain=.salesforce.com;Expires=Sun,
        16-Jul-2017 17:38:52 GMT
      Expires:
      - Thu, 01 Jan 1970 00:00:00 GMT
      Sforce-Limit-Info:
      - api-usage=9/48000
      Content-Type:
      - application/json;charset=UTF-8
      Vary:
      - Accept-Encoding
      Transfer-Encoding:
      - chunked
    body:
      encoding: ASCII-8BIT
      string: '{"totalSize":1,"done":true,"records":[{"attributes":{"type":"Lead","url":"/services/data/v37.0/sobjects/Lead/00Q0S000001Oph6UAC"},"Id":"00Q0S000001Oph6UAC","Email":"f@f.com"}]}'
    http_version: 
  recorded_at: Wed, 17 May 2017 17:38:52 GMT
recorded_with: VCR 3.0.3
