---
http_interactions:
- request:
    method: post
    uri: "<salesforce_instance_url>/services/data/v37.0/sobjects/Lead"
    body:
      encoding: UTF-8
      string: '{"LastName":"VonRueden_unique_token","Company":"JP University","Email":"f@f.com._unique_token","LeadSource":"OSC
        Faculty"}'
    headers:
      User-Agent:
      - Faraday v0.17.3
      Content-Type:
      - application/json
      Authorization:
      - OAuth <salesforce_access_token>
      Accept-Encoding:
      - gzip;q=1.0,deflate;q=0.6,identity;q=0.3
      Accept:
      - "*/*"
  response:
    status:
      code: 201
      message: Created
    headers:
      Date:
      - Fri, 05 Mar 2021 19:06:56 GMT
      Strict-Transport-Security:
      - max-age=31536002; includeSubDomains
      Expect-Ct:
      - max-age=86400, report-uri="https://a.forcesslreports.com/Expect-CT-report/00D0v0000005T7Um"
      X-Robots-Tag:
      - none
      Cache-Control:
      - no-cache,must-revalidate,max-age=0,no-store,private
      Set-Cookie:
      - BrowserId=9CiBan3lEeuvS03Flb1d4A; domain=.salesforce.com; path=/; expires=Sat,
        05-Mar-2022 19:06:56 GMT; Max-Age=31536000
      Sforce-Limit-Info:
      - api-usage=589/5000000
      Location:
      - "/services/data/v37.0/sobjects/Lead/00Q0v000007Y9xCEAS"
      Content-Type:
      - application/json;charset=UTF-8
      Vary:
      - Accept-Encoding
      Transfer-Encoding:
      - chunked
    body:
      encoding: ASCII-8BIT
      string: '{"id":"00Q0v000007Y9xCEAS","success":true,"errors":[]}'
    http_version: 
  recorded_at: Fri, 05 Mar 2021 19:06:57 GMT
- request:
    method: get
    uri: "<salesforce_instance_url>/services/data/v37.0/query?q=SELECT%20Id,%20Name,%20BillingCity,%20BillingState,%20Type,%20School_Location__c,%20SheerID_School_Name__c,%20K_I_P__c,%20child_of_kip__c%20FROM%20Account%20WHERE%20(Name%20IN%20(%27JP%20University%27))"
    body:
      encoding: US-ASCII
      string: ''
    headers:
      User-Agent:
      - Faraday v0.17.3
      Authorization:
      - OAuth <salesforce_access_token>
      Accept-Encoding:
      - gzip;q=1.0,deflate;q=0.6,identity;q=0.3
      Accept:
      - "*/*"
  response:
    status:
      code: 200
      message: OK
    headers:
      Date:
      - Fri, 05 Mar 2021 19:06:57 GMT
      Strict-Transport-Security:
      - max-age=31536002; includeSubDomains
      Expect-Ct:
      - max-age=86400, report-uri="https://a.forcesslreports.com/Expect-CT-report/00D0v0000005T7Um"
      X-Robots-Tag:
      - none
      Cache-Control:
      - no-cache,must-revalidate,max-age=0,no-store,private
      Set-Cookie:
      - BrowserId=9S4xjH3lEeuAEhuWDHv8Vw; domain=.salesforce.com; path=/; expires=Sat,
        05-Mar-2022 19:06:57 GMT; Max-Age=31536000
      Sforce-Limit-Info:
      - api-usage=590/5000000
      Content-Type:
      - application/json;charset=UTF-8
      Vary:
      - Accept-Encoding
      Transfer-Encoding:
      - chunked
    body:
      encoding: ASCII-8BIT
      string: '{"totalSize":1,"done":true,"records":[{"attributes":{"type":"Account","url":"/services/data/v37.0/sobjects/Account/0010v00000bM8kQAAS"},"Id":"0010v00000bM8kQAAS","Name":"JP
        University","BillingCity":null,"BillingState":null,"Type":null,"School_Location__c":"Domestic","SheerID_School_Name__c":null,"K_I_P__c":false,"child_of_kip__c":false}]}'
    http_version: 
  recorded_at: Fri, 05 Mar 2021 19:06:57 GMT
- request:
    method: post
    uri: "<salesforce_instance_url>/services/data/v37.0/sobjects/Contact"
    body:
      encoding: UTF-8
      string: '{"FirstName":"Tequila","LastName":"Kassulke_unique_token","Email":"f@f.com._unique_token","Faculty_Verified__c":"Confirmed","AccountId":"0010v00000bM8kQAAS"}'
    headers:
      User-Agent:
      - Faraday v0.17.3
      Content-Type:
      - application/json
      Authorization:
      - OAuth <salesforce_access_token>
      Accept-Encoding:
      - gzip;q=1.0,deflate;q=0.6,identity;q=0.3
      Accept:
      - "*/*"
  response:
    status:
      code: 201
      message: Created
    headers:
      Date:
      - Fri, 05 Mar 2021 19:06:58 GMT
      Strict-Transport-Security:
      - max-age=31536002; includeSubDomains
      Expect-Ct:
      - max-age=86400, report-uri="https://a.forcesslreports.com/Expect-CT-report/00D0v0000005T7Um"
      X-Robots-Tag:
      - none
      Cache-Control:
      - no-cache,must-revalidate,max-age=0,no-store,private
      Set-Cookie:
      - BrowserId=9VINPX3lEeua1HeGSfxlpg; domain=.salesforce.com; path=/; expires=Sat,
        05-Mar-2022 19:06:58 GMT; Max-Age=31536000
      Sforce-Limit-Info:
      - api-usage=589/5000000
      Location:
      - "/services/data/v37.0/sobjects/Contact/0030v00000UkFMmAAN"
      Content-Type:
      - application/json;charset=UTF-8
      Vary:
      - Accept-Encoding
      Transfer-Encoding:
      - chunked
    body:
      encoding: ASCII-8BIT
      string: '{"id":"0030v00000UkFMmAAN","success":true,"errors":[]}'
    http_version: 
  recorded_at: Fri, 05 Mar 2021 19:06:59 GMT
- request:
    method: get
    uri: "<salesforce_instance_url>/services/data/v37.0/query?q=SELECT%20Id,%20Email,%20Email_alt__c,%20Faculty_Verified__c,%20School_Type__c,%20Adoption_Status__c,%20Grant_Tutor_Access__c,%20Account.Id,%20Account.Name,%20Account.BillingCity,%20Account.BillingState,%20Account.Type,%20Account.School_Location__c,%20Account.SheerID_School_Name__c,%20Account.K_I_P__c,%20Account.child_of_kip__c%20FROM%20Contact%20WHERE%20(LastName%20LIKE%20%27%25_unique_token%27)"
    body:
      encoding: US-ASCII
      string: ''
    headers:
      User-Agent:
      - Faraday v0.17.3
      Authorization:
      - OAuth <salesforce_access_token>
      Accept-Encoding:
      - gzip;q=1.0,deflate;q=0.6,identity;q=0.3
      Accept:
      - "*/*"
  response:
    status:
      code: 200
      message: OK
    headers:
      Date:
      - Fri, 05 Mar 2021 19:06:59 GMT
      Strict-Transport-Security:
      - max-age=31536002; includeSubDomains
      Expect-Ct:
      - max-age=86400, report-uri="https://a.forcesslreports.com/Expect-CT-report/00D0v0000005T7Um"
      X-Robots-Tag:
      - none
      Cache-Control:
      - no-cache,must-revalidate,max-age=0,no-store,private
      Set-Cookie:
      - BrowserId=9jnU833lEeuCQktSqTXlpQ; domain=.salesforce.com; path=/; expires=Sat,
        05-Mar-2022 19:06:59 GMT; Max-Age=31536000
      Sforce-Limit-Info:
      - api-usage=590/5000000
      Content-Type:
      - application/json;charset=UTF-8
      Vary:
      - Accept-Encoding
      Transfer-Encoding:
      - chunked
    body:
      encoding: ASCII-8BIT
      string: '{"totalSize":1,"done":true,"records":[{"attributes":{"type":"Contact","url":"/services/data/v37.0/sobjects/Contact/0030v00000UkFMmAAN"},"Id":"0030v00000UkFMmAAN","Email":"f@f.com._unique_token","Email_alt__c":null,"Faculty_Verified__c":"Confirmed","School_Type__c":null,"Adoption_Status__c":"Not
        Adopter","Grant_Tutor_Access__c":false,"Account":{"attributes":{"type":"Account","url":"/services/data/v37.0/sobjects/Account/0010v00000bM8kQAAS"},"Id":"0010v00000bM8kQAAS","Name":"JP
        University","BillingCity":null,"BillingState":null,"Type":null,"School_Location__c":"Domestic","SheerID_School_Name__c":null,"K_I_P__c":false,"child_of_kip__c":false}}]}'
    http_version: 
  recorded_at: Fri, 05 Mar 2021 19:06:59 GMT
- request:
    method: patch
    uri: "<salesforce_instance_url>/services/data/v37.0/sobjects/Contact/0030v00000UkFMmAAN"
    body:
      encoding: UTF-8
      string: '{"SendFacultyVerificationTo__c":"f@f.com._unique_token"}'
    headers:
      User-Agent:
      - Faraday v0.17.3
      Content-Type:
      - application/json
      Authorization:
      - OAuth <salesforce_access_token>
      Accept-Encoding:
      - gzip;q=1.0,deflate;q=0.6,identity;q=0.3
      Accept:
      - "*/*"
  response:
    status:
      code: 204
      message: No Content
    headers:
      Date:
      - Fri, 05 Mar 2021 19:06:59 GMT
      Strict-Transport-Security:
      - max-age=31536002; includeSubDomains
      Expect-Ct:
      - max-age=86400, report-uri="https://a.forcesslreports.com/Expect-CT-report/00D0v0000005T7Um"
      X-Robots-Tag:
      - none
      Cache-Control:
      - no-cache,must-revalidate,max-age=0,no-store,private
      Set-Cookie:
      - BrowserId=9mS1iH3lEeuCQktSqTXlpQ; domain=.salesforce.com; path=/; expires=Sat,
        05-Mar-2022 19:06:59 GMT; Max-Age=31536000
      Sforce-Limit-Info:
      - api-usage=591/5000000
    body:
      encoding: UTF-8
      string: ''
    http_version: 
  recorded_at: Fri, 05 Mar 2021 19:07:00 GMT
- request:
    method: get
    uri: "<salesforce_instance_url>/services/data/v37.0/query?q=SELECT%20Id,%20Email%20FROM%20Lead%20WHERE%20(LastName%20LIKE%20%27%25_unique_token%27)%20AND%20(LeadSource%20=%20%27OSC%20Faculty%27)"
    body:
      encoding: US-ASCII
      string: ''
    headers:
      User-Agent:
      - Faraday v0.17.3
      Authorization:
      - OAuth <salesforce_access_token>
      Accept-Encoding:
      - gzip;q=1.0,deflate;q=0.6,identity;q=0.3
      Accept:
      - "*/*"
  response:
    status:
      code: 200
      message: OK
    headers:
      Date:
      - Fri, 05 Mar 2021 19:07:00 GMT
      Strict-Transport-Security:
      - max-age=31536002; includeSubDomains
      Expect-Ct:
      - max-age=86400, report-uri="https://a.forcesslreports.com/Expect-CT-report/00D0v0000005T7Um"
      X-Robots-Tag:
      - none
      Cache-Control:
      - no-cache,must-revalidate,max-age=0,no-store,private
      Set-Cookie:
      - BrowserId=9vjfMH3lEeuOvt9HEUWQ9g; domain=.salesforce.com; path=/; expires=Sat,
        05-Mar-2022 19:07:00 GMT; Max-Age=31536000
      Sforce-Limit-Info:
      - api-usage=589/5000000
      Content-Type:
      - application/json;charset=UTF-8
      Vary:
      - Accept-Encoding
      Transfer-Encoding:
      - chunked
    body:
      encoding: ASCII-8BIT
      string: '{"totalSize":1,"done":true,"records":[{"attributes":{"type":"Lead","url":"/services/data/v37.0/sobjects/Lead/00Q0v000007Y9xCEAS"},"Id":"00Q0v000007Y9xCEAS","Email":"f@f.com._unique_token"}]}'
    http_version: 
  recorded_at: Fri, 05 Mar 2021 19:07:00 GMT
recorded_with: VCR 3.0.3
