---
http_interactions:
- request:
    method: post
    uri: https://cs50.salesforce.com/services/data/v37.0/sobjects/Lead
    body:
      encoding: UTF-8
      string: '{"LastName":"Halvorson_unique_token","Company":"JP University","Email":"f@f.com"}'
    headers:
      User-Agent:
      - Faraday v0.9.2
      Content-Type:
      - application/json
      Authorization:
      - OAuth <tutor_specs_oauth_token>
      Accept-Encoding:
      - gzip;q=1.0,deflate;q=0.6,identity;q=0.3
      Accept:
      - "*/*"
  response:
    status:
      code: 201
      message: Created
    headers:
      Date:
      - Mon, 20 Feb 2017 21:15:25 GMT
      X-Xss-Protection:
      - 1; mode=block
      Content-Security-Policy:
      - referrer origin-when-cross-origin
      - reflected-xss block;report-uri /_/ContentDomainCSPNoAuth?type=xss
      Set-Cookie:
      - BrowserId=d4MbYfDWQsCaRIB4nSnLxg;Path=/;Domain=.salesforce.com;Expires=Fri,
        21-Apr-2017 21:15:25 GMT
      Expires:
      - Thu, 01 Jan 1970 00:00:00 GMT
      Sforce-Limit-Info:
      - api-usage=336/48000
      Location:
      - "/services/data/v37.0/sobjects/Lead/00Q3B000004E5vGUAS"
      Content-Type:
      - application/json;charset=UTF-8
      Vary:
      - Accept-Encoding
      Transfer-Encoding:
      - chunked
    body:
      encoding: ASCII-8BIT
      string: '{"id":"00Q3B000004E5vGUAS","success":true,"errors":[]}'
    http_version: 
  recorded_at: Mon, 20 Feb 2017 21:15:25 GMT
- request:
    method: get
    uri: https://cs50.salesforce.com/services/data/v37.0/query?q=SELECT%20Id,%20Email,%20Email_alt__c,%20Faculty_Verified__c%20FROM%20Contact%20WHERE%20(LastName%20LIKE%20%27%25_unique_token%27)
    body:
      encoding: US-ASCII
      string: ''
    headers:
      User-Agent:
      - Faraday v0.9.2
      Authorization:
      - OAuth <tutor_specs_oauth_token>
      Accept-Encoding:
      - gzip;q=1.0,deflate;q=0.6,identity;q=0.3
      Accept:
      - "*/*"
  response:
    status:
      code: 200
      message: OK
    headers:
      Date:
      - Mon, 20 Feb 2017 21:15:26 GMT
      X-Xss-Protection:
      - 1; mode=block
      Content-Security-Policy:
      - referrer origin-when-cross-origin
      - reflected-xss block;report-uri /_/ContentDomainCSPNoAuth?type=xss
      Set-Cookie:
      - BrowserId=tsXfdMtuSPGhJy6J4CZQlw;Path=/;Domain=.salesforce.com;Expires=Fri,
        21-Apr-2017 21:15:26 GMT
      Expires:
      - Thu, 01 Jan 1970 00:00:00 GMT
      Sforce-Limit-Info:
      - api-usage=338/48000
      Content-Type:
      - application/json;charset=UTF-8
      Vary:
      - Accept-Encoding
      Transfer-Encoding:
      - chunked
    body:
      encoding: ASCII-8BIT
      string: '{"totalSize":0,"done":true,"records":[]}'
    http_version: 
  recorded_at: Mon, 20 Feb 2017 21:15:26 GMT
- request:
    method: get
    uri: https://cs50.salesforce.com/services/data/v37.0/query?q=SELECT%20Id,%20Email%20FROM%20Lead%20WHERE%20(LastName%20LIKE%20%27%25_unique_token%27)
    body:
      encoding: US-ASCII
      string: ''
    headers:
      User-Agent:
      - Faraday v0.9.2
      Authorization:
      - OAuth <tutor_specs_oauth_token>
      Accept-Encoding:
      - gzip;q=1.0,deflate;q=0.6,identity;q=0.3
      Accept:
      - "*/*"
  response:
    status:
      code: 200
      message: OK
    headers:
      Date:
      - Mon, 20 Feb 2017 21:15:26 GMT
      X-Xss-Protection:
      - 1; mode=block
      Content-Security-Policy:
      - referrer origin-when-cross-origin
      - reflected-xss block;report-uri /_/ContentDomainCSPNoAuth?type=xss
      Set-Cookie:
      - BrowserId=0d_sAjyaRaikcF40q_G4vw;Path=/;Domain=.salesforce.com;Expires=Fri,
        21-Apr-2017 21:15:26 GMT
      Expires:
      - Thu, 01 Jan 1970 00:00:00 GMT
      Sforce-Limit-Info:
      - api-usage=338/48000
      Content-Type:
      - application/json;charset=UTF-8
      Vary:
      - Accept-Encoding
      Transfer-Encoding:
      - chunked
    body:
      encoding: ASCII-8BIT
      string: '{"totalSize":1,"done":true,"records":[{"attributes":{"type":"Lead","url":"/services/data/v37.0/sobjects/Lead/00Q3B000004E5vGUAS"},"Id":"00Q3B000004E5vGUAS","Email":"f@f.com"}]}'
    http_version: 
  recorded_at: Mon, 20 Feb 2017 21:15:26 GMT
recorded_with: VCR 3.0.3
