---
http_interactions:
- request:
    method: get
    uri: "<salesforce_instance_url_lower>/services/data/v37.0/query?q=SELECT%20Id,%20Name,%20Type,%20School_Location__c,%20K_I_P__c,%20child_of_kip__c%20FROM%20Account%20WHERE%20(Name%20IN%20(%27JP%20University%27))"
    body:
      encoding: US-ASCII
      string: ''
    headers:
      User-Agent:
      - Faraday v0.17.3
      Authorization:
      - OAuth <salesforce_access_token>
      Accept-Encoding:
      - gzip;q=1.0,deflate;q=0.6,identity;q=0.3
      Accept:
      - "*/*"
  response:
    status:
      code: 200
      message: OK
    headers:
      Date:
      - Mon, 10 Aug 2020 21:40:56 GMT
      Strict-Transport-Security:
      - max-age=31536002; includeSubDomains
      Public-Key-Pins-Report-Only:
      - pin-sha256="9n0izTnSRF+W4W4JTq51avSXkWhQB8duS2bxVLfzXsY="; pin-sha256="5kJvNEMw0KjrCAu7eXY5HZdvyCS13BbA0VJG1RSP91w=";
        pin-sha256="njN4rRG+22dNXAi+yb8e3UMypgzPUPHlv4+foULwl1g="; max-age=86400;
        includeSubDomains; report-uri="https://a.forcesslreports.com/hpkp-report/00DR0000001zq0Zm";
      Expect-Ct:
      - max-age=86400, report-uri="https://a.forcesslreports.com/Expect-CT-report/00DR0000001zq0Zm"
      X-Robots-Tag:
      - none
      X-B3-Traceid:
      - cfea665f48921ae6
      X-B3-Spanid:
      - cfea665f48921ae6
      X-B3-Sampled:
      - '0'
      Cache-Control:
      - no-cache,must-revalidate,max-age=0,no-store,private
      Set-Cookie:
      - BrowserId=LCy1MttSEeqiDIui-CmuAQ; domain=.salesforce.com; path=/; expires=Tue,
        10-Aug-2021 21:40:56 GMT; Max-Age=31536000
      Sforce-Limit-Info:
      - api-usage=3551/51000
      Content-Type:
      - application/json;charset=UTF-8
      Vary:
      - Accept-Encoding
      Transfer-Encoding:
      - chunked
    body:
      encoding: ASCII-8BIT
      string: '{"totalSize":1,"done":true,"records":[{"attributes":{"type":"Account","url":"/services/data/v37.0/sobjects/Account/001R000001PP7oCIAT"},"Id":"001R000001PP7oCIAT","Name":"JP
        University","Type":null,"School_Location__c":"Domestic","K_I_P__c":false,"child_of_kip__c":false}]}'
    http_version: 
  recorded_at: Mon, 10 Aug 2020 21:40:56 GMT
- request:
    method: post
    uri: "<salesforce_instance_url_lower>/services/data/v37.0/sobjects/Contact"
    body:
      encoding: UTF-8
      string: '{"FirstName":"Royal","LastName":"Reichel_unique_token","Email":"a@a.com._unique_token","AccountId":"001R000001PP7oCIAT"}'
    headers:
      User-Agent:
      - Faraday v0.17.3
      Content-Type:
      - application/json
      Authorization:
      - OAuth <salesforce_access_token>
      Accept-Encoding:
      - gzip;q=1.0,deflate;q=0.6,identity;q=0.3
      Accept:
      - "*/*"
  response:
    status:
      code: 201
      message: Created
    headers:
      Date:
      - Mon, 10 Aug 2020 21:40:56 GMT
      Strict-Transport-Security:
      - max-age=31536002; includeSubDomains
      Public-Key-Pins-Report-Only:
      - pin-sha256="9n0izTnSRF+W4W4JTq51avSXkWhQB8duS2bxVLfzXsY="; pin-sha256="5kJvNEMw0KjrCAu7eXY5HZdvyCS13BbA0VJG1RSP91w=";
        pin-sha256="njN4rRG+22dNXAi+yb8e3UMypgzPUPHlv4+foULwl1g="; max-age=86400;
        includeSubDomains; report-uri="https://a.forcesslreports.com/hpkp-report/00DR0000001zq0Zm";
      Expect-Ct:
      - max-age=86400, report-uri="https://a.forcesslreports.com/Expect-CT-report/00DR0000001zq0Zm"
      X-Robots-Tag:
      - none
      X-B3-Traceid:
      - 6234c5974ca6956a
      X-B3-Spanid:
      - 6234c5974ca6956a
      X-B3-Sampled:
      - '0'
      Cache-Control:
      - no-cache,must-revalidate,max-age=0,no-store,private
      Set-Cookie:
      - BrowserId=LE9YS9tSEeqOsPVERQH7vQ; domain=.salesforce.com; path=/; expires=Tue,
        10-Aug-2021 21:40:56 GMT; Max-Age=31536000
      Sforce-Limit-Info:
      - api-usage=3551/51000
      Location:
      - "/services/data/v37.0/sobjects/Contact/003R000001X0XalIAF"
      Content-Type:
      - application/json;charset=UTF-8
      Vary:
      - Accept-Encoding
      Transfer-Encoding:
      - chunked
    body:
      encoding: ASCII-8BIT
      string: '{"id":"003R000001X0XalIAF","success":true,"errors":[]}'
    http_version: 
  recorded_at: Mon, 10 Aug 2020 21:40:58 GMT
- request:
    method: get
    uri: "<salesforce_instance_url_lower>/services/data/v37.0/query?q=SELECT%20Id,%20Name,%20Type,%20School_Location__c,%20K_I_P__c,%20child_of_kip__c%20FROM%20Account%20WHERE%20(Name%20IN%20(%27JP%20University%27))"
    body:
      encoding: US-ASCII
      string: ''
    headers:
      User-Agent:
      - Faraday v0.17.3
      Authorization:
      - OAuth <salesforce_access_token>
      Accept-Encoding:
      - gzip;q=1.0,deflate;q=0.6,identity;q=0.3
      Accept:
      - "*/*"
  response:
    status:
      code: 200
      message: OK
    headers:
      Date:
      - Mon, 10 Aug 2020 21:40:58 GMT
      Strict-Transport-Security:
      - max-age=31536002; includeSubDomains
      Public-Key-Pins-Report-Only:
      - pin-sha256="9n0izTnSRF+W4W4JTq51avSXkWhQB8duS2bxVLfzXsY="; pin-sha256="5kJvNEMw0KjrCAu7eXY5HZdvyCS13BbA0VJG1RSP91w=";
        pin-sha256="njN4rRG+22dNXAi+yb8e3UMypgzPUPHlv4+foULwl1g="; max-age=86400;
        includeSubDomains; report-uri="https://a.forcesslreports.com/hpkp-report/00DR0000001zq0Zm";
      Expect-Ct:
      - max-age=86400, report-uri="https://a.forcesslreports.com/Expect-CT-report/00DR0000001zq0Zm"
      X-Robots-Tag:
      - none
      X-B3-Traceid:
      - 02762a7eebbea87d
      X-B3-Spanid:
      - 02762a7eebbea87d
      X-B3-Sampled:
      - '0'
      Cache-Control:
      - no-cache,must-revalidate,max-age=0,no-store,private
      Set-Cookie:
      - BrowserId=LVvmz9tSEeqXqQfoJM3qXA; domain=.salesforce.com; path=/; expires=Tue,
        10-Aug-2021 21:40:58 GMT; Max-Age=31536000
      Sforce-Limit-Info:
      - api-usage=3551/51000
      Content-Type:
      - application/json;charset=UTF-8
      Vary:
      - Accept-Encoding
      Transfer-Encoding:
      - chunked
    body:
      encoding: ASCII-8BIT
      string: '{"totalSize":1,"done":true,"records":[{"attributes":{"type":"Account","url":"/services/data/v37.0/sobjects/Account/001R000001PP7oCIAT"},"Id":"001R000001PP7oCIAT","Name":"JP
        University","Type":null,"School_Location__c":"Domestic","K_I_P__c":false,"child_of_kip__c":false}]}'
    http_version: 
  recorded_at: Mon, 10 Aug 2020 21:40:58 GMT
- request:
    method: post
    uri: "<salesforce_instance_url_lower>/services/data/v37.0/sobjects/Contact"
    body:
      encoding: UTF-8
      string: '{"FirstName":"Janice","LastName":"Braun_unique_token","Email":"b@b.com._unique_token","AccountId":"001R000001PP7oCIAT"}'
    headers:
      User-Agent:
      - Faraday v0.17.3
      Content-Type:
      - application/json
      Authorization:
      - OAuth <salesforce_access_token>
      Accept-Encoding:
      - gzip;q=1.0,deflate;q=0.6,identity;q=0.3
      Accept:
      - "*/*"
  response:
    status:
      code: 201
      message: Created
    headers:
      Date:
      - Mon, 10 Aug 2020 21:40:58 GMT
      Strict-Transport-Security:
      - max-age=31536002; includeSubDomains
      Public-Key-Pins-Report-Only:
      - pin-sha256="9n0izTnSRF+W4W4JTq51avSXkWhQB8duS2bxVLfzXsY="; pin-sha256="5kJvNEMw0KjrCAu7eXY5HZdvyCS13BbA0VJG1RSP91w=";
        pin-sha256="njN4rRG+22dNXAi+yb8e3UMypgzPUPHlv4+foULwl1g="; max-age=86400;
        includeSubDomains; report-uri="https://a.forcesslreports.com/hpkp-report/00DR0000001zq0Zm";
      Expect-Ct:
      - max-age=86400, report-uri="https://a.forcesslreports.com/Expect-CT-report/00DR0000001zq0Zm"
      X-Robots-Tag:
      - none
      X-B3-Traceid:
      - 8838c97cf89a96a1
      X-B3-Spanid:
      - 8838c97cf89a96a1
      X-B3-Sampled:
      - '0'
      Cache-Control:
      - no-cache,must-revalidate,max-age=0,no-store,private
      Set-Cookie:
      - BrowserId=LYJZqttSEeqI3lXFb-EwiQ; domain=.salesforce.com; path=/; expires=Tue,
        10-Aug-2021 21:40:58 GMT; Max-Age=31536000
      Sforce-Limit-Info:
      - api-usage=3551/51000
      Location:
      - "/services/data/v37.0/sobjects/Contact/003R000001X0XaqIAF"
      Content-Type:
      - application/json;charset=UTF-8
      Vary:
      - Accept-Encoding
      Transfer-Encoding:
      - chunked
    body:
      encoding: ASCII-8BIT
      string: '{"id":"003R000001X0XaqIAF","success":true,"errors":[]}'
    http_version: 
  recorded_at: Mon, 10 Aug 2020 21:41:00 GMT
- request:
    method: get
    uri: "<salesforce_instance_url_lower>/services/data/v37.0/query?q=SELECT%20Id,%20Email,%20Email_alt__c,%20Faculty_Verified__c,%20School_Type__c,%20Adoption_Status__c,%20Grant_Tutor_Access__c,%20Account.Id,%20Account.Name,%20Account.Type,%20Account.School_Location__c,%20Account.K_I_P__c,%20Account.child_of_kip__c%20FROM%20Contact%20WHERE%20(LastName%20LIKE%20%27%25_unique_token%27)"
    body:
      encoding: US-ASCII
      string: ''
    headers:
      User-Agent:
      - Faraday v0.17.3
      Authorization:
      - OAuth <salesforce_access_token>
      Accept-Encoding:
      - gzip;q=1.0,deflate;q=0.6,identity;q=0.3
      Accept:
      - "*/*"
  response:
    status:
      code: 200
      message: OK
    headers:
      Date:
      - Mon, 10 Aug 2020 21:41:00 GMT
      Strict-Transport-Security:
      - max-age=31536002; includeSubDomains
      Public-Key-Pins-Report-Only:
      - pin-sha256="9n0izTnSRF+W4W4JTq51avSXkWhQB8duS2bxVLfzXsY="; pin-sha256="5kJvNEMw0KjrCAu7eXY5HZdvyCS13BbA0VJG1RSP91w=";
        pin-sha256="njN4rRG+22dNXAi+yb8e3UMypgzPUPHlv4+foULwl1g="; max-age=86400;
        includeSubDomains; report-uri="https://a.forcesslreports.com/hpkp-report/00DR0000001zq0Zm";
      Expect-Ct:
      - max-age=86400, report-uri="https://a.forcesslreports.com/Expect-CT-report/00DR0000001zq0Zm"
      X-Robots-Tag:
      - none
      X-B3-Traceid:
      - 7b3e71444d4805ef
      X-B3-Spanid:
      - 7b3e71444d4805ef
      X-B3-Sampled:
      - '0'
      Cache-Control:
      - no-cache,must-revalidate,max-age=0,no-store,private
      Set-Cookie:
      - BrowserId=LorwJdtSEeq2_IFXc6JQig; domain=.salesforce.com; path=/; expires=Tue,
        10-Aug-2021 21:41:00 GMT; Max-Age=31536000
      Sforce-Limit-Info:
      - api-usage=3552/51000
      Content-Type:
      - application/json;charset=UTF-8
      Vary:
      - Accept-Encoding
      Transfer-Encoding:
      - chunked
    body:
      encoding: ASCII-8BIT
      string: '{"totalSize":2,"done":true,"records":[{"attributes":{"type":"Contact","url":"/services/data/v37.0/sobjects/Contact/003R000001X0XaqIAF"},"Id":"003R000001X0XaqIAF","Email":"b@b.com._unique_token","Email_alt__c":null,"Faculty_Verified__c":null,"School_Type__c":null,"Adoption_Status__c":"Not
        Adopter","Grant_Tutor_Access__c":false,"Account":{"attributes":{"type":"Account","url":"/services/data/v37.0/sobjects/Account/001R000001PP7oCIAT"},"Id":"001R000001PP7oCIAT","Name":"JP
        University","Type":null,"School_Location__c":"Domestic","K_I_P__c":false,"child_of_kip__c":false}},{"attributes":{"type":"Contact","url":"/services/data/v37.0/sobjects/Contact/003R000001X0XalIAF"},"Id":"003R000001X0XalIAF","Email":"a@a.com._unique_token","Email_alt__c":null,"Faculty_Verified__c":null,"School_Type__c":null,"Adoption_Status__c":"Not
        Adopter","Grant_Tutor_Access__c":false,"Account":{"attributes":{"type":"Account","url":"/services/data/v37.0/sobjects/Account/001R000001PP7oCIAT"},"Id":"001R000001PP7oCIAT","Name":"JP
        University","Type":null,"School_Location__c":"Domestic","K_I_P__c":false,"child_of_kip__c":false}}]}'
    http_version: 
  recorded_at: Mon, 10 Aug 2020 21:41:01 GMT
- request:
    method: get
    uri: "<salesforce_instance_url_lower>/services/data/v37.0/query?q=SELECT%20Id,%20Email%20FROM%20Lead%20WHERE%20(LastName%20LIKE%20%27%25_unique_token%27)%20AND%20(LeadSource%20=%20%27OSC%20Faculty%27)"
    body:
      encoding: US-ASCII
      string: ''
    headers:
      User-Agent:
      - Faraday v0.17.3
      Authorization:
      - OAuth <salesforce_access_token>
      Accept-Encoding:
      - gzip;q=1.0,deflate;q=0.6,identity;q=0.3
      Accept:
      - "*/*"
  response:
    status:
      code: 200
      message: OK
    headers:
      Date:
      - Mon, 10 Aug 2020 21:41:01 GMT
      Strict-Transport-Security:
      - max-age=31536002; includeSubDomains
      Public-Key-Pins-Report-Only:
      - pin-sha256="9n0izTnSRF+W4W4JTq51avSXkWhQB8duS2bxVLfzXsY="; pin-sha256="5kJvNEMw0KjrCAu7eXY5HZdvyCS13BbA0VJG1RSP91w=";
        pin-sha256="njN4rRG+22dNXAi+yb8e3UMypgzPUPHlv4+foULwl1g="; max-age=86400;
        includeSubDomains; report-uri="https://a.forcesslreports.com/hpkp-report/00DR0000001zq0Zm";
      Expect-Ct:
      - max-age=86400, report-uri="https://a.forcesslreports.com/Expect-CT-report/00DR0000001zq0Zm"
      X-Robots-Tag:
      - none
      X-B3-Traceid:
      - 9920246f2669a32a
      X-B3-Spanid:
      - 9920246f2669a32a
      X-B3-Sampled:
      - '0'
      Cache-Control:
      - no-cache,must-revalidate,max-age=0,no-store,private
      Set-Cookie:
      - BrowserId=LzZLpNtSEeq2_IFXc6JQig; domain=.salesforce.com; path=/; expires=Tue,
        10-Aug-2021 21:41:01 GMT; Max-Age=31536000
      Sforce-Limit-Info:
      - api-usage=3553/51000
      Content-Type:
      - application/json;charset=UTF-8
      Vary:
      - Accept-Encoding
      Transfer-Encoding:
      - chunked
    body:
      encoding: ASCII-8BIT
      string: '{"totalSize":0,"done":true,"records":[]}'
    http_version: 
  recorded_at: Mon, 10 Aug 2020 21:41:02 GMT
recorded_with: VCR 3.0.3
